// Jest Snapshot v1, https://goo.gl/fbAQLP

exports[`renders correctly 1`] = `
<div
  className="jsx-4055291026 avatar"
  style={
    Object {
      "backgroundImage": "",
      "borderRadius": "3px",
      "height": "40px",
      "width": "40px",
    }
  }
>
  <i
    className="jsx-4055291026 material-icons"
    style={
      Object {
        "fontSize": 20,
      }
    }
  >
    person_outline
  </i>
</div>
`;
