// Jest Snapshot v1, https://goo.gl/fbAQLP

exports[`renders correctly 1`] = `
<label
  aria-label="Edit image"
  className="jsx-1206862728 jsx-2165763448 avatar"
  htmlFor="avatar"
  style={
    Object {
      "backgroundImage": "",
      "borderRadius": "3px",
      "height": "40px",
      "width": "40px",
    }
  }
>
  <input
    className="jsx-1206862728 jsx-2165763448 file-input"
    id="avatar"
    onBlur={[Function]}
    onChange={[Function]}
    type="file"
  />
  <i
    className="material-icons 20 md-dark "
    style={
      Object {
        "color": "#BBBCCD",
        "fontSize": 20,
      }
    }
  >
    photo_camera
  </i>
</label>
`;
