// Jest Snapshot v1, https://goo.gl/fbAQLP

exports[`renders correctly 1`] = `
<label
  className="jsx-3393071880 upload-file"
  htmlFor="file-picker"
>
  <div
    className="jsx-3393071880 upload-file__label-container"
  >
    <div
      className="jsx-3393071880 upload-file__label"
    >
      file-picker
    </div>
  </div>
  
  <input
    className="jsx-3393071880 input-file"
    id="file-picker"
    onBlur={[Function]}
    onChange={[Function]}
    type="file"
  />
</label>
`;
