// Jest Snapshot v1, https://goo.gl/fbAQLP

exports[`renders correctly 1`] = `
<label
  className="jsx-1682990104 jsx-2881818901 upload-file"
  htmlFor="file-picker"
>
  <div
    className="jsx-1682990104 jsx-2881818901 upload-file__label-container"
  >
    <i
      className="material-icons 28 md-dark "
      style={
        Object {
          "color": "#0c97f9",
          "fontSize": 28,
        }
      }
    >
      outline_cloud_upload
    </i>
    <div
      className="jsx-1682990104 jsx-2881818901 upload-file__label"
    >
      file-picker
    </div>
  </div>
  <input
    className="jsx-1682990104 jsx-2881818901 input-file"
    id="file-picker"
    onBlur={[Function]}
    onChange={[Function]}
    type="file"
  />
</label>
`;
