// Jest Snapshot v1, https://goo.gl/fbAQLP

exports[`renders correctly 1`] = `
<label
  className="jsx-1336855819 jsx-2881818901 upload-file upload-file--selected"
  htmlFor="file-picker"
>
  <div
    className="jsx-1336855819 jsx-2881818901 upload-file__label-container"
  >
    <svg
      aria-label="upload"
      className="grommetux-control-icon grommetux-control-icon-upload grommetux-control-icon--responsive"
      height="24px"
      role="img"
      version="1.1"
      viewBox="0 0 24 24"
      width="24px"
    >
      <path
        d="M1,17 L1,23 L23,23 L23,17 M12,2 L12,19 M5,9 L12,2 L19,9"
        fill="none"
        stroke="#000"
        strokeWidth="2"
      />
    </svg>
    <div
      className="jsx-1336855819 jsx-2881818901 upload-file__label"
    >
      file-picker
    </div>
  </div>
  <input
    className="jsx-1336855819 jsx-2881818901 input-file"
    id="file-picker"
    onBlur={[Function]}
    onChange={[Function]}
    type="file"
  />
</label>
`;
