// Jest Snapshot v1, https://goo.gl/fbAQLP

exports[`renders correctly 1`] = `
<div
  className="jsx-1462383989 loader"
>
  <svg
    className="jsx-1462383989 circular"
  >
    <circle
      className="jsx-1462383989 path"
      cx="50"
      cy="50"
      fill="none"
      r="20"
      strokeMiterlimit="10"
      strokeWidth="2"
    />
  </svg>
</div>
`;
