// Jest Snapshot v1, https://goo.gl/fbAQLP

exports[`renders correctly 1`] = `
<div
  className="jsx-894766770 loader"
>
  <svg
    className="jsx-894766770 circular"
  >
    <circle
      className="jsx-894766770 path"
      cx="50"
      cy="50"
      fill="none"
      r="20"
      strokeMiterlimit="10"
      strokeWidth="2"
    />
  </svg>
</div>
`;
