// Jest Snapshot v1, https://goo.gl/fbAQLP

exports[`renders correctly 1`] = `
<NavigationWrapper>
  <BrowserRouter>
    <Router
      history={
        Object {
          "action": "POP",
          "block": [Function],
          "createHref": [Function],
          "go": [Function],
          "goBack": [Function],
          "goForward": [Function],
          "length": 1,
          "listen": [Function],
          "location": Object {
            "hash": "",
            "pathname": "blank",
            "search": "",
            "state": undefined,
          },
          "push": [Function],
          "replace": [Function],
        }
      }
    >
      <main
        style={
          Object {
            "display": "flex",
            "minHeight": "100vh",
          }
        }
      >
        <Navigation>
          <nav
            className="jsx-3540150986 nav"
          >
            <ul
              className="jsx-3540150986 nav__list"
            >
              <NavigationItem
                icon={[Function]}
                label="Dashboards"
                route="/dashboard"
              >
                <li>
                  <NavLink
                    activeClassName="nav-item--active"
                    ariaCurrent="true"
                    className="nav-item"
                    to="/dashboard"
                  >
                    <Route
                      path="/dashboard"
                    >
                      <Link
                        aria-current={false}
                        className="nav-item"
                        replace={false}
                        to="/dashboard"
                      >
                        <a
                          aria-current={false}
                          className="nav-item"
                          href="/dashboard"
                          onClick={[Function]}
                        >
                          <Dashboard
                            className="nav-item__icon"
                            responsive={true}
                          >
                            <svg
                              aria-label="dashboard"
                              className="grommetux-control-icon grommetux-control-icon-dashboard nav-item__icon grommetux-control-icon--responsive"
                              height="24px"
                              role="img"
                              version="1.1"
                              viewBox="0 0 24 24"
                              width="24px"
                            >
                              <path
                                d="M12,22 C17.5228475,22 22,17.5228475 22,12 C22,6.4771525 17.5228475,2 12,2 C6.4771525,2 2,6.4771525 2,12 C2,17.5228475 6.4771525,22 12,22 Z M15,16 C15,14.3431458 13.6568542,13 12,13 C10.3431458,13 9,14.3431458 9,16 M5,5 L7,7 M12,7 L12,13 M12,3 L12,5 M19,12 L21,12 M3,12 L5,12 M17,7 L19,5 M3,17 L21,17"
                                fill="none"
                                stroke="#000"
                                strokeWidth="2"
                              />
                            </svg>
                          </Dashboard>
                          <span
                            className="nav-item__label"
                          >
                            Dashboards
                          </span>
                        </a>
                      </Link>
                    </Route>
                  </NavLink>
                  <style>
                    .nav-item{display:-webkit-box;display:-webkit-flex;display:-ms-flexbox;display:flex;-webkit-flex-direction:row;-ms-flex-direction:row;flex-direction:row;-webkit-align-items:center;-webkit-box-align:center;-ms-flex-align:center;align-items:center;width:53px;height:53px;padding:16px;color:#ffffff;-webkit-text-decoration:none;text-decoration:none;-webkit-letter-spacing:0.15rem;-moz-letter-spacing:0.15rem;-ms-letter-spacing:0.15rem;letter-spacing:0.15rem;text-transform:uppercase;border-radius:50%;box-sizing:border-box;-webkit-transition:all 0.3s ease-in-out;transition:all 0.3s ease-in-out;font-size:0.75rem;font-weight:bold;}
                    .nav-item--active{background-color:#0c97f9;}
                    .nav-item__icon{width:21px;height:21px;fill:#ffffff !important;stroke:#ffffff !important;}
                    .nav-item__icon circle,.nav-item__icon path{stroke:#ffffff !important;}
                    .nav-item__label{display:none;}
                    @media (min-width:960px){.nav-item{width:100%;padding:16px 16px 16px 50px;border-top-left-radius:0;border-bottom-left-radius:0;border-top-right-radius:30px;border-bottom-right-radius:30px;}.nav-item__icon{margin-right:30px;}.nav-item__label{display:inline-block;}}
                  </style>
                </li>
              </NavigationItem>
              <NavigationItem
                icon={[Function]}
                label="Notifications"
                route="/notifications"
              >
                <li>
                  <NavLink
                    activeClassName="nav-item--active"
                    ariaCurrent="true"
                    className="nav-item"
                    to="/notifications"
                  >
                    <Route
                      path="/notifications"
                    >
                      <Link
                        aria-current={false}
                        className="nav-item"
                        replace={false}
                        to="/notifications"
                      >
                        <a
                          aria-current={false}
                          className="nav-item"
                          href="/notifications"
                          onClick={[Function]}
                        >
                          <Notification
                            className="nav-item__icon"
                            responsive={true}
                          >
                            <svg
                              aria-label="notification"
                              className="grommetux-control-icon grommetux-control-icon-notification nav-item__icon grommetux-control-icon--responsive"
                              height="24px"
                              role="img"
                              version="1.1"
                              viewBox="0 0 24 24"
                              width="24px"
                            >
                              <path
                                d="M4,19 L4,9 C4,4.582 7.582,1 12,1 C16.418,1 20,4.582 20,9 L20,19 M1,19 L23,19 M15,19 L15,20 C15,21.657 13.657,23 12,23 C10.343,23 9,21.657 9,20 L9,19"
                                fill="none"
                                stroke="#000"
                                strokeWidth="2"
                              />
                            </svg>
                          </Notification>
                          <span
                            className="nav-item__label"
                          >
                            Notifications
                          </span>
                        </a>
                      </Link>
                    </Route>
                  </NavLink>
                  <style>
                    .nav-item{display:-webkit-box;display:-webkit-flex;display:-ms-flexbox;display:flex;-webkit-flex-direction:row;-ms-flex-direction:row;flex-direction:row;-webkit-align-items:center;-webkit-box-align:center;-ms-flex-align:center;align-items:center;width:53px;height:53px;padding:16px;color:#ffffff;-webkit-text-decoration:none;text-decoration:none;-webkit-letter-spacing:0.15rem;-moz-letter-spacing:0.15rem;-ms-letter-spacing:0.15rem;letter-spacing:0.15rem;text-transform:uppercase;border-radius:50%;box-sizing:border-box;-webkit-transition:all 0.3s ease-in-out;transition:all 0.3s ease-in-out;font-size:0.75rem;font-weight:bold;}
                    .nav-item--active{background-color:#0c97f9;}
                    .nav-item__icon{width:21px;height:21px;fill:#ffffff !important;stroke:#ffffff !important;}
                    .nav-item__icon circle,.nav-item__icon path{stroke:#ffffff !important;}
                    .nav-item__label{display:none;}
                    @media (min-width:960px){.nav-item{width:100%;padding:16px 16px 16px 50px;border-top-left-radius:0;border-bottom-left-radius:0;border-top-right-radius:30px;border-bottom-right-radius:30px;}.nav-item__icon{margin-right:30px;}.nav-item__label{display:inline-block;}}
                  </style>
                </li>
              </NavigationItem>
            </ul>
            <JSXStyle
              css={
                Array [
                  ".nav.jsx-3540150986{display:-webkit-box;display:-webkit-flex;display:-ms-flexbox;display:flex;-webkit-flex-direction:column;-ms-flex-direction:column;flex-direction:column;height:100%;min-height:100vh;width:84px;padding:40px 0 80px 0;box-sizing:border-box;background-color:#354151;}",
                  ".nav__list.jsx-3540150986{-webkit-flex:1;-ms-flex:1;flex:1;list-style-type:none;padding:0 16px;margin:0;}",
                  "@media (min-width:960px){.nav.jsx-3540150986{width:330px;}.nav__list.jsx-3540150986{padding:0 50px 0 0;}}",
                ]
              }
              styleId="3540150986"
            />
          </nav>
        </Navigation>
        <Switch />
      </main>
    </Router>
  </BrowserRouter>
</NavigationWrapper>
`;
