// Jest Snapshot v1, https://goo.gl/fbAQLP

exports[`TagInput renders correctly 1`] = `
Array [
  <label
    className="jsx-4038665278"
    htmlFor="tag-input-id"
  >
    tag-input-label
  </label>,
  <div
    className="jsx-3032076080 tag-input"
    onClick={[Function]}
  >
    <ul
      className="jsx-3032076080 tag-input__tag-list"
    >
      <li
        className="jsx-4040469366 tag-input__add-existing-tag"
      >
        <button
          className="jsx-4040469366"
          onClick={[Function]}
          onKeyDown={[Function]}
        >
          <svg
            aria-label="add"
            className="grommetux-control-icon grommetux-control-icon-add grommetux-control-icon--responsive"
            height="24px"
            role="img"
            version="1.1"
            viewBox="0 0 24 24"
            width="24px"
          >
            <path
              d="M12,22 L12,2 M2,12 L22,12"
              fill="none"
              stroke="#000"
              strokeWidth="2"
            />
          </svg>
          Add existing tag
        </button>
      </li>
      <li
        className="jsx-1684534872 tag-input__tag"
      >
        <span
          className="jsx-1684534872 tag-input__tag-wrapper"
        >
          <span
            className="jsx-1684534872 tag-input__tag-text"
          >
            tag one
          </span>
          <button
            className="jsx-1684534872"
            onClick={[Function]}
          >
            <svg
              aria-label="close"
              className="grommetux-control-icon grommetux-control-icon-close grommetux-control-icon--responsive"
              height="24px"
              role="img"
              version="1.1"
              viewBox="0 0 24 24"
              width="24px"
            >
              <path
                d="M3,3 L21,21 M3,21 L21,3"
                fill="none"
                stroke="#000"
                strokeWidth="2"
              />
            </svg>
          </button>
        </span>
      </li>
      <li
        className="jsx-1684534872 tag-input__tag"
      >
        <span
          className="jsx-1684534872 tag-input__tag-wrapper"
        >
          <span
            className="jsx-1684534872 tag-input__tag-text"
          >
            tag two
          </span>
          <button
            className="jsx-1684534872"
            onClick={[Function]}
          >
            <svg
              aria-label="close"
              className="grommetux-control-icon grommetux-control-icon-close grommetux-control-icon--responsive"
              height="24px"
              role="img"
              version="1.1"
              viewBox="0 0 24 24"
              width="24px"
            >
              <path
                d="M3,3 L21,21 M3,21 L21,3"
                fill="none"
                stroke="#000"
                strokeWidth="2"
              />
            </svg>
          </button>
        </span>
      </li>
    </ul>
    <div
      className="jsx-3032076080 tag-input__input"
    >
      <input
        className="jsx-3032076080"
        id="tag-input-id"
        onBlur={[Function]}
        onChange={[Function]}
        onFocus={[Function]}
        onKeyDown={[Function]}
        type="text"
        value=""
      />
    </div>
  </div>,
]
`;
