// Jest Snapshot v1, https://goo.gl/fbAQLP

exports[`TextInput renders correctly 1`] = `
<div
  className="jsx-1482450488"
>
  <label
    className="jsx-1482450488"
    htmlFor="text-input-id"
  >
    text-input-label
  </label>
  <input
    className="jsx-1482450488 text-input text-input-class"
    id="text-input-id"
    name="text-input-name"
    onChange={[Function]}
    placeholder="text-input-placeholder"
    type="text"
    value="text-input-value"
  />
  
</div>
`;
